\BOOKMARK [1][-]{section.1}{\376\377\000D\000e\000s\000c\000r\000i\000p\000t\000i\000o\000n\000\040\000d\000u\000\040\000p\000r\000o\000b\000l\000\350\000m\000e}{}% 1
\BOOKMARK [1][-]{section.2}{\376\377\000R\000e\000v\000u\000e\000\040\000d\000e\000\040\000l\000i\000t\000t\000\351\000r\000a\000t\000u\000r\000e}{}% 2
\BOOKMARK [1][-]{section.3}{\376\377\000A\000p\000p\000r\000o\000c\000h\000e\000\040\000p\000r\000o\000p\000o\000s\000\351\000e}{}% 3
\BOOKMARK [1][-]{section.4}{\376\377\000D\000o\000n\000n\000\351\000e\000s\000\040\000u\000t\000i\000l\000i\000s\000\351\000e\000s}{}% 4
\BOOKMARK [1][-]{section.5}{\376\377\000\311\000v\000a\000l\000u\000a\000t\000i\000o\000n\000\040\000d\000u\000\040\000s\000y\000s\000t\000\350\000m\000e}{}% 5
\BOOKMARK [1][-]{section.6}{\376\377\000T\000\342\000c\000h\000e\000s\000\040\000\340\000\040\000f\000a\000i\000r\000e}{}% 6
